<html>
<body>
<pre>
<h1>µVision Build Log</h1>
<h2>Tool Versions:</h2>
IDE-Version: µVision V5.29.0.0
Copyright (C) 2019 ARM Ltd and ARM Germany GmbH. All rights reserved.
License Information: Akram Hadinezhad, MehrabTech, LIC=W96CK-Z45PU-356TX-H7J4E-VHYE0-YS8NT
 
Tool Versions:
Toolchain:       MDK-ARM Professional  Version: 5.29.0.0
Toolchain Path:  C:\Keil_v5\ARM\ARMCLANG\Bin
C Compiler:      ArmClang.exe V6.13.1
Assembler:       Armasm.exe V6.13.1
Linker/Locator:  ArmLink.exe V6.13.1
Library Manager: ArmAr.exe V6.13.1
Hex Converter:   FromElf.exe V6.13.1
CPU DLL:         SARMCM3.DLL V5.29.0.0
Dialog DLL:      DCM.DLL V1.17.3.0
Target DLL:      STLink\ST-LINKIII-KEIL_SWO.dll V3.0.7.0
Dialog DLL:      TCM.DLL V1.36.5.0
 
<h2>Project:</h2>
D:\VentFront\Newfolder\TempForTest\Vent_QSPI_GUI_Final021212\Vent_QSPI_GUI_IT\Vent_QSPI_GUI\MDK-ARM\EWB_STM32H7NanoFull_TouchGFX_RGB7inch_RstTouch.uvprojx
Project File Date:  03/19/2024

<h2>Output:</h2>
*** Using Compiler 'V6.13.1', folder: 'C:\Keil_v5\ARM\ARMCLANG\Bin'
Build target 'EWB_STM32H7NanoFull_TouchGFX_RGB7inch_RstTouch'
compiling Model.cpp...
compiling screenView.cpp...
linking...
Program Size: Code=301228 RO-data=4819096 RW-data=1680 ZI-data=128016  
FromELF: creating hex file...
".\OBJ\EWB_STM32H7NanoFull_TouchGFX_RGB7inch_RstTouch.axf" - 0 Error(s), 0 Warning(s).

<h2>Software Packages used:</h2>

Package Vendor: ARM
                http://www.keil.com/pack/ARM.CMSIS.5.6.0.pack
                ARM.CMSIS.5.6.0
                CMSIS (Cortex Microcontroller Software Interface Standard)
   * Component: CORE Version: 5.3.0

Package Vendor: Keil
                https://www.keil.com/pack/Keil.STM32H7xx_DFP.2.3.1.pack
                Keil.STM32H7xx_DFP.2.3.1
                STMicroelectronics STM32H7 Series Device Support and Examples

<h2>Collection of Component include folders:</h2>
  .\RTE\_EWB_STM32H7NanoFull_TouchGFX_RGB7inch_RstTouch
  C:\Users\win 10\AppData\Local\Arm\Packs\ARM\CMSIS\5.6.0\CMSIS\Core\Include
  C:\Users\win 10\AppData\Local\Arm\Packs\Keil\STM32H7xx_DFP\2.3.1\Drivers\CMSIS\Device\ST\STM32H7xx\Include

<h2>Collection of Component Files used:</h2>

   * Component: ARM::CMSIS:CORE:5.3.0
Build Time Elapsed:  00:00:17
</pre>
</body>
</html>
